C:\Users\Public\Documents\Altium\Projects\ESRA_0x0E030206\ProjectOutputs\Default - All Constraints\esra_spartan6.edf 1417702008
C:\Users\Public\Documents\Altium\Projects\ESRA_0x0E030206\ProjectOutputs\Default - All Constraints\WB_UART8_V2.edn 1278517206
C:\Users\Public\Documents\Altium\Projects\ESRA_0x0E030206\ProjectOutputs\Default - All Constraints\Memory_MCU.edn 1417702001
C:\Users\Public\Documents\Altium\Projects\ESRA_0x0E030206\ProjectOutputs\Default - All Constraints\TSK3000A_Shift_Barrel.edn 1269600768
C:\Users\Public\Documents\Altium\Projects\ESRA_0x0E030206\ProjectOutputs\Default - All Constraints\FPGA_STARTUP8.edn 1275980160
C:\Users\Public\Documents\Altium\Projects\ESRA_0x0E030206\ProjectOutputs\Default - All Constraints\WB_PWMX.edn 1272137330
C:\Users\Public\Documents\Altium\Projects\ESRA_0x0E030206\ProjectOutputs\Default - All Constraints\FD2S.edn 1269850910
C:\Users\Public\Documents\Altium\Projects\ESRA_0x0E030206\ProjectOutputs\Default - All Constraints\WB_SPI8.edn 1357392494
C:\Users\Public\Documents\Altium\Projects\ESRA_0x0E030206\ProjectOutputs\Default - All Constraints\TSK3000A_MDU.edn 1269600462
C:\Users\Public\Documents\Altium\Projects\ESRA_0x0E030206\ProjectOutputs\Default - All Constraints\TSK3000A_MCU_HCB.edn 1357318020
C:\Users\Public\Documents\Altium\Projects\ESRA_0x0E030206\ProjectOutputs\Default - All Constraints\CDIV2.edn 1269845520
C:\Users\Public\Documents\Altium\Projects\ESRA_0x0E030206\ProjectOutputs\Default - All Constraints\INV4S.edn 1269856918
C:\Users\Public\Documents\Altium\Projects\ESRA_0x0E030206\ProjectOutputs\Default - All Constraints\CDIV5.edn 1269845866
C:\Users\Public\Documents\Altium\Projects\ESRA_0x0E030206\ProjectOutputs\Default - All Constraints\TSK3000A_OCDS_HCB.edn 1357375566
OK
